probe	Set up job	﻿2025-09-01T15:36:53.4913147Z Current runner version: '2.328.0'
probe	Set up job	2025-09-01T15:36:53.4942390Z ##[group]Runner Image Provisioner
probe	Set up job	2025-09-01T15:36:53.4943635Z Hosted Compute Agent
probe	Set up job	2025-09-01T15:36:53.4944513Z Version: 20250829.383
probe	Set up job	2025-09-01T15:36:53.4945787Z Commit: 27cb235aab5b0e52e153a26cd86b4742e89dac5d
probe	Set up job	2025-09-01T15:36:53.4946886Z Build Date: 2025-08-29T13:48:48Z
probe	Set up job	2025-09-01T15:36:53.4947760Z ##[endgroup]
probe	Set up job	2025-09-01T15:36:53.4948679Z ##[group]Operating System
probe	Set up job	2025-09-01T15:36:53.4949616Z Ubuntu
probe	Set up job	2025-09-01T15:36:53.4950377Z 24.04.3
probe	Set up job	2025-09-01T15:36:53.4951290Z LTS
probe	Set up job	2025-09-01T15:36:53.4952060Z ##[endgroup]
probe	Set up job	2025-09-01T15:36:53.4952851Z ##[group]Runner Image
probe	Set up job	2025-09-01T15:36:53.4953984Z Image: ubuntu-24.04
probe	Set up job	2025-09-01T15:36:53.4955085Z Version: 20250824.1.0
probe	Set up job	2025-09-01T15:36:53.4956774Z Included Software: https://github.com/actions/runner-images/blob/ubuntu24/20250824.1/images/ubuntu/Ubuntu2404-Readme.md
probe	Set up job	2025-09-01T15:36:53.4959375Z Image Release: https://github.com/actions/runner-images/releases/tag/ubuntu24%2F20250824.1
probe	Set up job	2025-09-01T15:36:53.4961297Z ##[endgroup]
probe	Set up job	2025-09-01T15:36:53.4962979Z ##[group]GITHUB_TOKEN Permissions
probe	Set up job	2025-09-01T15:36:53.4965576Z Contents: read
probe	Set up job	2025-09-01T15:36:53.4966596Z Metadata: read
probe	Set up job	2025-09-01T15:36:53.4967302Z ##[endgroup]
probe	Set up job	2025-09-01T15:36:53.4970428Z Secret source: Actions
probe	Set up job	2025-09-01T15:36:53.4971699Z Prepare workflow directory
probe	Set up job	2025-09-01T15:36:53.5409249Z Prepare all required actions
probe	Set up job	2025-09-01T15:36:53.5463773Z Getting action download info
probe	Set up job	2025-09-01T15:36:53.8459300Z Download action repository 'actions/checkout@v4' (SHA:08eba0b27e820071cde6df949e0beb9ba4906955)
probe	Set up job	2025-09-01T15:36:53.9285527Z Download action repository 'google-github-actions/auth@v2' (SHA:c200f3691d83b41bf9bbd8638997a462592937ed)
probe	Set up job	2025-09-01T15:36:54.1316182Z Download action repository 'actions/upload-artifact@v4' (SHA:ea165f8d65b6e75b540449e92b4886f43607fa02)
probe	Set up job	2025-09-01T15:36:54.3745654Z Complete job name: probe
probe	Checkout	﻿2025-09-01T15:36:54.4395896Z ##[group]Run actions/checkout@v4
probe	Checkout	2025-09-01T15:36:54.4396768Z with:
probe	Checkout	2025-09-01T15:36:54.4397186Z   repository: Huyen1974/agent-data-test
probe	Checkout	2025-09-01T15:36:54.4397857Z   token: ***
probe	Checkout	2025-09-01T15:36:54.4398254Z   ssh-strict: true
probe	Checkout	2025-09-01T15:36:54.4398648Z   ssh-user: git
probe	Checkout	2025-09-01T15:36:54.4399047Z   persist-credentials: true
probe	Checkout	2025-09-01T15:36:54.4399506Z   clean: true
probe	Checkout	2025-09-01T15:36:54.4399917Z   sparse-checkout-cone-mode: true
probe	Checkout	2025-09-01T15:36:54.4400406Z   fetch-depth: 1
probe	Checkout	2025-09-01T15:36:54.4400803Z   fetch-tags: false
probe	Checkout	2025-09-01T15:36:54.4401201Z   show-progress: true
probe	Checkout	2025-09-01T15:36:54.4401610Z   lfs: false
probe	Checkout	2025-09-01T15:36:54.4401977Z   submodules: false
probe	Checkout	2025-09-01T15:36:54.4402389Z   set-safe-directory: true
probe	Checkout	2025-09-01T15:36:54.4403034Z ##[endgroup]
probe	Checkout	2025-09-01T15:36:54.5535613Z Syncing repository: Huyen1974/agent-data-test
probe	Checkout	2025-09-01T15:36:54.5537335Z ##[group]Getting Git version info
probe	Checkout	2025-09-01T15:36:54.5538103Z Working directory is '/home/runner/work/agent-data-test/agent-data-test'
probe	Checkout	2025-09-01T15:36:54.5539187Z [command]/usr/bin/git version
probe	Checkout	2025-09-01T15:36:54.5581172Z git version 2.51.0
probe	Checkout	2025-09-01T15:36:54.5607289Z ##[endgroup]
probe	Checkout	2025-09-01T15:36:54.5620825Z Temporarily overriding HOME='/home/runner/work/_temp/81ef7c8f-9e8b-45f0-b239-62ea905cfd04' before making global git config changes
probe	Checkout	2025-09-01T15:36:54.5623227Z Adding repository directory to the temporary git global config as a safe directory
probe	Checkout	2025-09-01T15:36:54.5636202Z [command]/usr/bin/git config --global --add safe.directory /home/runner/work/agent-data-test/agent-data-test
probe	Checkout	2025-09-01T15:36:54.5671260Z Deleting the contents of '/home/runner/work/agent-data-test/agent-data-test'
probe	Checkout	2025-09-01T15:36:54.5674648Z ##[group]Initializing the repository
probe	Checkout	2025-09-01T15:36:54.5678718Z [command]/usr/bin/git init /home/runner/work/agent-data-test/agent-data-test
probe	Checkout	2025-09-01T15:36:54.5762240Z hint: Using 'master' as the name for the initial branch. This default branch name
probe	Checkout	2025-09-01T15:36:54.5763340Z hint: is subject to change. To configure the initial branch name to use in all
probe	Checkout	2025-09-01T15:36:54.5764264Z hint: of your new repositories, which will suppress this warning, call:
probe	Checkout	2025-09-01T15:36:54.5765502Z hint:
probe	Checkout	2025-09-01T15:36:54.5766231Z hint: 	git config --global init.defaultBranch <name>
probe	Checkout	2025-09-01T15:36:54.5766826Z hint:
probe	Checkout	2025-09-01T15:36:54.5767378Z hint: Names commonly chosen instead of 'master' are 'main', 'trunk' and
probe	Checkout	2025-09-01T15:36:54.5768254Z hint: 'development'. The just-created branch can be renamed via this command:
probe	Checkout	2025-09-01T15:36:54.5768939Z hint:
probe	Checkout	2025-09-01T15:36:54.5769326Z hint: 	git branch -m <name>
probe	Checkout	2025-09-01T15:36:54.5769766Z hint:
probe	Checkout	2025-09-01T15:36:54.5770345Z hint: Disable this message with "git config set advice.defaultBranchName false"
probe	Checkout	2025-09-01T15:36:54.5771828Z Initialized empty Git repository in /home/runner/work/agent-data-test/agent-data-test/.git/
probe	Checkout	2025-09-01T15:36:54.5776994Z [command]/usr/bin/git remote add origin https://github.com/Huyen1974/agent-data-test
probe	Checkout	2025-09-01T15:36:54.5814297Z ##[endgroup]
probe	Checkout	2025-09-01T15:36:54.5815332Z ##[group]Disabling automatic garbage collection
probe	Checkout	2025-09-01T15:36:54.5818540Z [command]/usr/bin/git config --local gc.auto 0
probe	Checkout	2025-09-01T15:36:54.5845691Z ##[endgroup]
probe	Checkout	2025-09-01T15:36:54.5846370Z ##[group]Setting up auth
probe	Checkout	2025-09-01T15:36:54.5852452Z [command]/usr/bin/git config --local --name-only --get-regexp core\.sshCommand
probe	Checkout	2025-09-01T15:36:54.5883439Z [command]/usr/bin/git submodule foreach --recursive sh -c "git config --local --name-only --get-regexp 'core\.sshCommand' && git config --local --unset-all 'core.sshCommand' || :"
probe	Checkout	2025-09-01T15:36:54.6177526Z [command]/usr/bin/git config --local --name-only --get-regexp http\.https\:\/\/github\.com\/\.extraheader
probe	Checkout	2025-09-01T15:36:54.6206263Z [command]/usr/bin/git submodule foreach --recursive sh -c "git config --local --name-only --get-regexp 'http\.https\:\/\/github\.com\/\.extraheader' && git config --local --unset-all 'http.https://github.com/.extraheader' || :"
probe	Checkout	2025-09-01T15:36:54.6423215Z [command]/usr/bin/git config --local http.https://github.com/.extraheader AUTHORIZATION: basic ***
probe	Checkout	2025-09-01T15:36:54.6463552Z ##[endgroup]
probe	Checkout	2025-09-01T15:36:54.6464810Z ##[group]Fetching the repository
probe	Checkout	2025-09-01T15:36:54.6473359Z [command]/usr/bin/git -c protocol.version=2 fetch --no-tags --prune --no-recurse-submodules --depth=1 origin +6f2ed22d4eec27af03d1ff1cf859a4e78cb02a76:refs/remotes/origin/main
probe	Checkout	2025-09-01T15:36:55.1547105Z From https://github.com/Huyen1974/agent-data-test
probe	Checkout	2025-09-01T15:36:55.1548999Z  * [new ref]         6f2ed22d4eec27af03d1ff1cf859a4e78cb02a76 -> origin/main
probe	Checkout	2025-09-01T15:36:55.1581033Z ##[endgroup]
probe	Checkout	2025-09-01T15:36:55.1582322Z ##[group]Determining the checkout info
probe	Checkout	2025-09-01T15:36:55.1585358Z ##[endgroup]
probe	Checkout	2025-09-01T15:36:55.1589753Z [command]/usr/bin/git sparse-checkout disable
probe	Checkout	2025-09-01T15:36:55.1631885Z [command]/usr/bin/git config --local --unset-all extensions.worktreeConfig
probe	Checkout	2025-09-01T15:36:55.1662081Z ##[group]Checking out the ref
probe	Checkout	2025-09-01T15:36:55.1666376Z [command]/usr/bin/git checkout --progress --force -B main refs/remotes/origin/main
probe	Checkout	2025-09-01T15:36:55.2533186Z Switched to a new branch 'main'
probe	Checkout	2025-09-01T15:36:55.2534870Z branch 'main' set up to track 'origin/main'.
probe	Checkout	2025-09-01T15:36:55.2581763Z ##[endgroup]
probe	Checkout	2025-09-01T15:36:55.2586707Z [command]/usr/bin/git log -1 --format=%H
probe	Checkout	2025-09-01T15:36:55.2608785Z 6f2ed22d4eec27af03d1ff1cf859a4e78cb02a76
probe	Auth (ID token via WIF)	﻿2025-09-01T15:36:55.2954054Z ##[group]Run google-github-actions/auth@v2
probe	Auth (ID token via WIF)	2025-09-01T15:36:55.2955709Z with:
probe	Auth (ID token via WIF)	2025-09-01T15:36:55.2958574Z   workload_identity_provider: ***
probe	Auth (ID token via WIF)	2025-09-01T15:36:55.2959934Z   token_format: id_token
probe	Auth (ID token via WIF)	2025-09-01T15:36:55.2961508Z   audience: https://agent-data-test-pfne2mqwja-as.a.run.app
probe	Auth (ID token via WIF)	2025-09-01T15:36:55.2963312Z   create_credentials_file: true
probe	Auth (ID token via WIF)	2025-09-01T15:36:55.2964664Z   export_environment_variables: true
probe	Auth (ID token via WIF)	2025-09-01T15:36:55.2966236Z   universe: googleapis.com
probe	Auth (ID token via WIF)	2025-09-01T15:36:55.2967502Z   cleanup_credentials: true
probe	Auth (ID token via WIF)	2025-09-01T15:36:55.2968787Z   access_token_lifetime: 3600s
probe	Auth (ID token via WIF)	2025-09-01T15:36:55.2970482Z   access_token_scopes: https://www.googleapis.com/auth/cloud-platform
probe	Auth (ID token via WIF)	2025-09-01T15:36:55.2972318Z   id_token_include_email: false
probe	Auth (ID token via WIF)	2025-09-01T15:36:55.2973595Z ##[endgroup]
probe	Auth (ID token via WIF)	2025-09-01T15:36:55.4705287Z Created credentials file at "/home/runner/work/agent-data-test/agent-data-test/gha-creds-aa9e2e1c14773bdc.json"
probe	Auth (ID token via WIF)	2025-09-01T15:36:55.4711970Z ⚠️ Failed to compute a project ID from the given inputs. Neither the "project_id" output nor any environment variables will be exported. If you require these values in other steps, specify the "project_id" input directly.
probe	Auth (ID token via WIF)	2025-09-01T15:36:55.5386342Z ##[error]google-github-actions/auth failed with: failed to generate Google Cloud federated token for //iam.googleapis.com/***: {"error":"invalid_grant","error_description":"The audience in ID Token [https://agent-data-test-pfne2mqwja-as.a.run.app] does not match the expected audience."}
probe	Upload artefact	﻿2025-09-01T15:36:55.5503060Z ##[group]Run actions/upload-artifact@v4
probe	Upload artefact	2025-09-01T15:36:55.5503406Z with:
probe	Upload artefact	2025-09-01T15:36:55.5503627Z   name: cr-probe-summary
probe	Upload artefact	2025-09-01T15:36:55.5503962Z   path: probe_raw.csv
probe	Upload artefact	probe_summary.json
probe	Upload artefact	
probe	Upload artefact	2025-09-01T15:36:55.5504277Z   if-no-files-found: warn
probe	Upload artefact	2025-09-01T15:36:55.5504531Z   compression-level: 6
probe	Upload artefact	2025-09-01T15:36:55.5504781Z   overwrite: false
probe	Upload artefact	2025-09-01T15:36:55.5505258Z   include-hidden-files: false
probe	Upload artefact	2025-09-01T15:36:55.5505530Z env:
probe	Upload artefact	2025-09-01T15:36:55.5506034Z   CLOUDSDK_AUTH_CREDENTIAL_FILE_OVERRIDE: /home/runner/work/agent-data-test/agent-data-test/gha-creds-aa9e2e1c14773bdc.json
probe	Upload artefact	2025-09-01T15:36:55.5506871Z   GOOGLE_APPLICATION_CREDENTIALS: /home/runner/work/agent-data-test/agent-data-test/gha-creds-aa9e2e1c14773bdc.json
probe	Upload artefact	2025-09-01T15:36:55.5507659Z   GOOGLE_GHA_CREDS_PATH: /home/runner/work/agent-data-test/agent-data-test/gha-creds-aa9e2e1c14773bdc.json
probe	Upload artefact	2025-09-01T15:36:55.5508157Z ##[endgroup]
probe	Upload artefact	2025-09-01T15:36:55.7600571Z Multiple search paths detected. Calculating the least common ancestor of all paths
probe	Upload artefact	2025-09-01T15:36:55.7606008Z The least common ancestor is /home/runner/work/agent-data-test/agent-data-test. This will be the root directory of the artifact
probe	Upload artefact	2025-09-01T15:36:55.7610966Z ##[warning]No files were found with the provided path: probe_raw.csv
probe	Upload artefact	probe_summary.json. No artifacts will be uploaded.
probe	Post Auth (ID token via WIF)	﻿2025-09-01T15:36:55.7832003Z Post job cleanup.
probe	Post Auth (ID token via WIF)	2025-09-01T15:36:55.8637966Z Removed exported credentials at "/home/runner/work/agent-data-test/agent-data-test/gha-creds-aa9e2e1c14773bdc.json".
probe	Post Checkout	﻿2025-09-01T15:36:55.8763428Z Post job cleanup.
probe	Post Checkout	2025-09-01T15:36:55.9674668Z [command]/usr/bin/git version
probe	Post Checkout	2025-09-01T15:36:55.9712466Z git version 2.51.0
probe	Post Checkout	2025-09-01T15:36:55.9756792Z Temporarily overriding HOME='/home/runner/work/_temp/d69349bd-9ca7-4e2a-a2a6-a428e34939d7' before making global git config changes
probe	Post Checkout	2025-09-01T15:36:55.9758246Z Adding repository directory to the temporary git global config as a safe directory
probe	Post Checkout	2025-09-01T15:36:55.9763264Z [command]/usr/bin/git config --global --add safe.directory /home/runner/work/agent-data-test/agent-data-test
probe	Post Checkout	2025-09-01T15:36:55.9798500Z [command]/usr/bin/git config --local --name-only --get-regexp core\.sshCommand
probe	Post Checkout	2025-09-01T15:36:55.9831965Z [command]/usr/bin/git submodule foreach --recursive sh -c "git config --local --name-only --get-regexp 'core\.sshCommand' && git config --local --unset-all 'core.sshCommand' || :"
probe	Post Checkout	2025-09-01T15:36:56.0058134Z [command]/usr/bin/git config --local --name-only --get-regexp http\.https\:\/\/github\.com\/\.extraheader
probe	Post Checkout	2025-09-01T15:36:56.0080517Z http.https://github.com/.extraheader
probe	Post Checkout	2025-09-01T15:36:56.0093995Z [command]/usr/bin/git config --local --unset-all http.https://github.com/.extraheader
probe	Post Checkout	2025-09-01T15:36:56.0126552Z [command]/usr/bin/git submodule foreach --recursive sh -c "git config --local --name-only --get-regexp 'http\.https\:\/\/github\.com\/\.extraheader' && git config --local --unset-all 'http.https://github.com/.extraheader' || :"
probe	Complete job	﻿2025-09-01T15:36:56.0492307Z Cleaning up orphan processes
