probe	Set up job	﻿2025-09-02T02:07:02.7823951Z Current runner version: '2.328.0'
probe	Set up job	2025-09-02T02:07:02.7850841Z ##[group]Runner Image Provisioner
probe	Set up job	2025-09-02T02:07:02.7851675Z Hosted Compute Agent
probe	Set up job	2025-09-02T02:07:02.7852221Z Version: 20250821.380
probe	Set up job	2025-09-02T02:07:02.7852904Z Commit: 438d12cb4fe092871db9867344e3bc0bc5319035
probe	Set up job	2025-09-02T02:07:02.7853628Z Build Date: 2025-08-21T20:49:43Z
probe	Set up job	2025-09-02T02:07:02.7854223Z ##[endgroup]
probe	Set up job	2025-09-02T02:07:02.7854874Z ##[group]Operating System
probe	Set up job	2025-09-02T02:07:02.7855446Z Ubuntu
probe	Set up job	2025-09-02T02:07:02.7856284Z 24.04.3
probe	Set up job	2025-09-02T02:07:02.7856869Z LTS
probe	Set up job	2025-09-02T02:07:02.7857345Z ##[endgroup]
probe	Set up job	2025-09-02T02:07:02.7857836Z ##[group]Runner Image
probe	Set up job	2025-09-02T02:07:02.7858495Z Image: ubuntu-24.04
probe	Set up job	2025-09-02T02:07:02.7859034Z Version: 20250824.1.0
probe	Set up job	2025-09-02T02:07:02.7859986Z Included Software: https://github.com/actions/runner-images/blob/ubuntu24/20250824.1/images/ubuntu/Ubuntu2404-Readme.md
probe	Set up job	2025-09-02T02:07:02.7861398Z Image Release: https://github.com/actions/runner-images/releases/tag/ubuntu24%2F20250824.1
probe	Set up job	2025-09-02T02:07:02.7862571Z ##[endgroup]
probe	Set up job	2025-09-02T02:07:02.7863652Z ##[group]GITHUB_TOKEN Permissions
probe	Set up job	2025-09-02T02:07:02.7865996Z Contents: read
probe	Set up job	2025-09-02T02:07:02.7866678Z Metadata: read
probe	Set up job	2025-09-02T02:07:02.7867163Z ##[endgroup]
probe	Set up job	2025-09-02T02:07:02.7869421Z Secret source: Actions
probe	Set up job	2025-09-02T02:07:02.7870569Z Prepare workflow directory
probe	Set up job	2025-09-02T02:07:02.8212987Z Prepare all required actions
probe	Set up job	2025-09-02T02:07:02.8253166Z Getting action download info
probe	Set up job	2025-09-02T02:07:03.1817924Z Download action repository 'actions/checkout@v4' (SHA:08eba0b27e820071cde6df949e0beb9ba4906955)
probe	Set up job	2025-09-02T02:07:03.2537867Z Download action repository 'google-github-actions/auth@v2' (SHA:c200f3691d83b41bf9bbd8638997a462592937ed)
probe	Set up job	2025-09-02T02:07:03.6622195Z Download action repository 'actions/upload-artifact@v4' (SHA:ea165f8d65b6e75b540449e92b4886f43607fa02)
probe	Set up job	2025-09-02T02:07:03.8776024Z Complete job name: probe
probe	Checkout	﻿2025-09-02T02:07:03.9573589Z ##[group]Run actions/checkout@v4
probe	Checkout	2025-09-02T02:07:03.9574960Z with:
probe	Checkout	2025-09-02T02:07:03.9575943Z   repository: Huyen1974/agent-data-test
probe	Checkout	2025-09-02T02:07:03.9577351Z   token: ***
probe	Checkout	2025-09-02T02:07:03.9578119Z   ssh-strict: true
probe	Checkout	2025-09-02T02:07:03.9578912Z   ssh-user: git
probe	Checkout	2025-09-02T02:07:03.9579711Z   persist-credentials: true
probe	Checkout	2025-09-02T02:07:03.9580612Z   clean: true
probe	Checkout	2025-09-02T02:07:03.9581416Z   sparse-checkout-cone-mode: true
probe	Checkout	2025-09-02T02:07:03.9582421Z   fetch-depth: 1
probe	Checkout	2025-09-02T02:07:03.9583206Z   fetch-tags: false
probe	Checkout	2025-09-02T02:07:03.9584027Z   show-progress: true
probe	Checkout	2025-09-02T02:07:03.9584837Z   lfs: false
probe	Checkout	2025-09-02T02:07:03.9585687Z   submodules: false
probe	Checkout	2025-09-02T02:07:03.9586509Z   set-safe-directory: true
probe	Checkout	2025-09-02T02:07:03.9587629Z ##[endgroup]
probe	Checkout	2025-09-02T02:07:04.0722178Z Syncing repository: Huyen1974/agent-data-test
probe	Checkout	2025-09-02T02:07:04.0725790Z ##[group]Getting Git version info
probe	Checkout	2025-09-02T02:07:04.0727561Z Working directory is '/home/runner/work/agent-data-test/agent-data-test'
probe	Checkout	2025-09-02T02:07:04.0729850Z [command]/usr/bin/git version
probe	Checkout	2025-09-02T02:07:04.0752525Z git version 2.51.0
probe	Checkout	2025-09-02T02:07:04.0780389Z ##[endgroup]
probe	Checkout	2025-09-02T02:07:04.0796092Z Temporarily overriding HOME='/home/runner/work/_temp/517620af-37e6-4dc6-bac9-2f3d8297a11b' before making global git config changes
probe	Checkout	2025-09-02T02:07:04.0798839Z Adding repository directory to the temporary git global config as a safe directory
probe	Checkout	2025-09-02T02:07:04.0810819Z [command]/usr/bin/git config --global --add safe.directory /home/runner/work/agent-data-test/agent-data-test
probe	Checkout	2025-09-02T02:07:04.0851443Z Deleting the contents of '/home/runner/work/agent-data-test/agent-data-test'
probe	Checkout	2025-09-02T02:07:04.0855015Z ##[group]Initializing the repository
probe	Checkout	2025-09-02T02:07:04.0860104Z [command]/usr/bin/git init /home/runner/work/agent-data-test/agent-data-test
probe	Checkout	2025-09-02T02:07:04.0924204Z hint: Using 'master' as the name for the initial branch. This default branch name
probe	Checkout	2025-09-02T02:07:04.0927225Z hint: is subject to change. To configure the initial branch name to use in all
probe	Checkout	2025-09-02T02:07:04.0929109Z hint: of your new repositories, which will suppress this warning, call:
probe	Checkout	2025-09-02T02:07:04.0930744Z hint:
probe	Checkout	2025-09-02T02:07:04.0931908Z hint: 	git config --global init.defaultBranch <name>
probe	Checkout	2025-09-02T02:07:04.0933325Z hint:
probe	Checkout	2025-09-02T02:07:04.0934391Z hint: Names commonly chosen instead of 'master' are 'main', 'trunk' and
probe	Checkout	2025-09-02T02:07:04.0936605Z hint: 'development'. The just-created branch can be renamed via this command:
probe	Checkout	2025-09-02T02:07:04.0938472Z hint:
probe	Checkout	2025-09-02T02:07:04.0939212Z hint: 	git branch -m <name>
probe	Checkout	2025-09-02T02:07:04.0940065Z hint:
probe	Checkout	2025-09-02T02:07:04.0941306Z hint: Disable this message with "git config set advice.defaultBranchName false"
probe	Checkout	2025-09-02T02:07:04.0943401Z Initialized empty Git repository in /home/runner/work/agent-data-test/agent-data-test/.git/
probe	Checkout	2025-09-02T02:07:04.0946996Z [command]/usr/bin/git remote add origin https://github.com/Huyen1974/agent-data-test
probe	Checkout	2025-09-02T02:07:04.0975125Z ##[endgroup]
probe	Checkout	2025-09-02T02:07:04.0977074Z ##[group]Disabling automatic garbage collection
probe	Checkout	2025-09-02T02:07:04.0979125Z [command]/usr/bin/git config --local gc.auto 0
probe	Checkout	2025-09-02T02:07:04.1011526Z ##[endgroup]
probe	Checkout	2025-09-02T02:07:04.1012846Z ##[group]Setting up auth
probe	Checkout	2025-09-02T02:07:04.1018795Z [command]/usr/bin/git config --local --name-only --get-regexp core\.sshCommand
probe	Checkout	2025-09-02T02:07:04.1051671Z [command]/usr/bin/git submodule foreach --recursive sh -c "git config --local --name-only --get-regexp 'core\.sshCommand' && git config --local --unset-all 'core.sshCommand' || :"
probe	Checkout	2025-09-02T02:07:04.1336619Z [command]/usr/bin/git config --local --name-only --get-regexp http\.https\:\/\/github\.com\/\.extraheader
probe	Checkout	2025-09-02T02:07:04.1369187Z [command]/usr/bin/git submodule foreach --recursive sh -c "git config --local --name-only --get-regexp 'http\.https\:\/\/github\.com\/\.extraheader' && git config --local --unset-all 'http.https://github.com/.extraheader' || :"
probe	Checkout	2025-09-02T02:07:04.1603708Z [command]/usr/bin/git config --local http.https://github.com/.extraheader AUTHORIZATION: basic ***
probe	Checkout	2025-09-02T02:07:04.1642666Z ##[endgroup]
probe	Checkout	2025-09-02T02:07:04.1644615Z ##[group]Fetching the repository
probe	Checkout	2025-09-02T02:07:04.1651921Z [command]/usr/bin/git -c protocol.version=2 fetch --no-tags --prune --no-recurse-submodules --depth=1 origin +6f2ed22d4eec27af03d1ff1cf859a4e78cb02a76:refs/remotes/origin/main
probe	Checkout	2025-09-02T02:07:04.7938470Z From https://github.com/Huyen1974/agent-data-test
probe	Checkout	2025-09-02T02:07:04.7941199Z  * [new ref]         6f2ed22d4eec27af03d1ff1cf859a4e78cb02a76 -> origin/main
probe	Checkout	2025-09-02T02:07:04.7973645Z ##[endgroup]
probe	Checkout	2025-09-02T02:07:04.7976427Z ##[group]Determining the checkout info
probe	Checkout	2025-09-02T02:07:04.7979106Z ##[endgroup]
probe	Checkout	2025-09-02T02:07:04.7981111Z [command]/usr/bin/git sparse-checkout disable
probe	Checkout	2025-09-02T02:07:04.8027049Z [command]/usr/bin/git config --local --unset-all extensions.worktreeConfig
probe	Checkout	2025-09-02T02:07:04.8061400Z ##[group]Checking out the ref
probe	Checkout	2025-09-02T02:07:04.8066879Z [command]/usr/bin/git checkout --progress --force -B main refs/remotes/origin/main
probe	Checkout	2025-09-02T02:07:04.8948081Z Switched to a new branch 'main'
probe	Checkout	2025-09-02T02:07:04.8950300Z branch 'main' set up to track 'origin/main'.
probe	Checkout	2025-09-02T02:07:04.8962489Z ##[endgroup]
probe	Checkout	2025-09-02T02:07:04.9003368Z [command]/usr/bin/git log -1 --format=%H
probe	Checkout	2025-09-02T02:07:04.9028026Z 6f2ed22d4eec27af03d1ff1cf859a4e78cb02a76
probe	Auth (ID token via WIF)	﻿2025-09-02T02:07:04.9357125Z ##[group]Run google-github-actions/auth@v2
probe	Auth (ID token via WIF)	2025-09-02T02:07:04.9358306Z with:
probe	Auth (ID token via WIF)	2025-09-02T02:07:04.9361898Z   workload_identity_provider: ***
probe	Auth (ID token via WIF)	2025-09-02T02:07:04.9363608Z   token_format: id_token
probe	Auth (ID token via WIF)	2025-09-02T02:07:04.9365759Z   audience: https://agent-data-test-pfne2mqwja-as.a.run.app
probe	Auth (ID token via WIF)	2025-09-02T02:07:04.9367978Z   create_credentials_file: true
probe	Auth (ID token via WIF)	2025-09-02T02:07:04.9369628Z   export_environment_variables: true
probe	Auth (ID token via WIF)	2025-09-02T02:07:04.9371322Z   universe: googleapis.com
probe	Auth (ID token via WIF)	2025-09-02T02:07:04.9372832Z   cleanup_credentials: true
probe	Auth (ID token via WIF)	2025-09-02T02:07:04.9374299Z   access_token_lifetime: 3600s
probe	Auth (ID token via WIF)	2025-09-02T02:07:04.9376201Z   access_token_scopes: https://www.googleapis.com/auth/cloud-platform
probe	Auth (ID token via WIF)	2025-09-02T02:07:04.9377527Z   id_token_include_email: false
probe	Auth (ID token via WIF)	2025-09-02T02:07:04.9378386Z ##[endgroup]
probe	Auth (ID token via WIF)	2025-09-02T02:07:05.1760477Z Created credentials file at "/home/runner/work/agent-data-test/agent-data-test/gha-creds-001d3fa531f2528a.json"
probe	Auth (ID token via WIF)	2025-09-02T02:07:05.1771122Z ⚠️ Failed to compute a project ID from the given inputs. Neither the "project_id" output nor any environment variables will be exported. If you require these values in other steps, specify the "project_id" input directly.
probe	Auth (ID token via WIF)	2025-09-02T02:07:05.2711529Z ##[error]google-github-actions/auth failed with: failed to generate Google Cloud federated token for //iam.googleapis.com/***: {"error":"invalid_grant","error_description":"The audience in ID Token [https://agent-data-test-pfne2mqwja-as.a.run.app] does not match the expected audience."}
probe	Upload artefact	﻿2025-09-02T02:07:05.2883634Z ##[group]Run actions/upload-artifact@v4
probe	Upload artefact	2025-09-02T02:07:05.2884627Z with:
probe	Upload artefact	2025-09-02T02:07:05.2885307Z   name: cr-probe-summary
probe	Upload artefact	2025-09-02T02:07:05.2886356Z   path: probe_raw.csv
probe	Upload artefact	probe_summary.json
probe	Upload artefact	
probe	Upload artefact	2025-09-02T02:07:05.2887354Z   if-no-files-found: warn
probe	Upload artefact	2025-09-02T02:07:05.2888175Z   compression-level: 6
probe	Upload artefact	2025-09-02T02:07:05.2888984Z   overwrite: false
probe	Upload artefact	2025-09-02T02:07:05.2889736Z   include-hidden-files: false
probe	Upload artefact	2025-09-02T02:07:05.2890574Z env:
probe	Upload artefact	2025-09-02T02:07:05.2892189Z   CLOUDSDK_AUTH_CREDENTIAL_FILE_OVERRIDE: /home/runner/work/agent-data-test/agent-data-test/gha-creds-001d3fa531f2528a.json
probe	Upload artefact	2025-09-02T02:07:05.2894957Z   GOOGLE_APPLICATION_CREDENTIALS: /home/runner/work/agent-data-test/agent-data-test/gha-creds-001d3fa531f2528a.json
probe	Upload artefact	2025-09-02T02:07:05.2897622Z   GOOGLE_GHA_CREDS_PATH: /home/runner/work/agent-data-test/agent-data-test/gha-creds-001d3fa531f2528a.json
probe	Upload artefact	2025-09-02T02:07:05.2899273Z ##[endgroup]
probe	Upload artefact	2025-09-02T02:07:05.5117349Z Multiple search paths detected. Calculating the least common ancestor of all paths
probe	Upload artefact	2025-09-02T02:07:05.5123396Z The least common ancestor is /home/runner/work/agent-data-test/agent-data-test. This will be the root directory of the artifact
probe	Upload artefact	2025-09-02T02:07:05.5134042Z ##[warning]No files were found with the provided path: probe_raw.csv
probe	Upload artefact	probe_summary.json. No artifacts will be uploaded.
probe	Post Auth (ID token via WIF)	﻿2025-09-02T02:07:05.5418087Z Post job cleanup.
probe	Post Auth (ID token via WIF)	2025-09-02T02:07:05.6283626Z Removed exported credentials at "/home/runner/work/agent-data-test/agent-data-test/gha-creds-001d3fa531f2528a.json".
probe	Post Checkout	﻿2025-09-02T02:07:05.6474947Z Post job cleanup.
probe	Post Checkout	2025-09-02T02:07:05.7443642Z [command]/usr/bin/git version
probe	Post Checkout	2025-09-02T02:07:05.7482275Z git version 2.51.0
probe	Post Checkout	2025-09-02T02:07:05.7527507Z Temporarily overriding HOME='/home/runner/work/_temp/03a764a4-2890-4900-8b61-8d0391ee5161' before making global git config changes
probe	Post Checkout	2025-09-02T02:07:05.7530368Z Adding repository directory to the temporary git global config as a safe directory
probe	Post Checkout	2025-09-02T02:07:05.7533585Z [command]/usr/bin/git config --global --add safe.directory /home/runner/work/agent-data-test/agent-data-test
probe	Post Checkout	2025-09-02T02:07:05.7578807Z [command]/usr/bin/git config --local --name-only --get-regexp core\.sshCommand
probe	Post Checkout	2025-09-02T02:07:05.7613765Z [command]/usr/bin/git submodule foreach --recursive sh -c "git config --local --name-only --get-regexp 'core\.sshCommand' && git config --local --unset-all 'core.sshCommand' || :"
probe	Post Checkout	2025-09-02T02:07:05.7856826Z [command]/usr/bin/git config --local --name-only --get-regexp http\.https\:\/\/github\.com\/\.extraheader
probe	Post Checkout	2025-09-02T02:07:05.7877838Z http.https://github.com/.extraheader
probe	Post Checkout	2025-09-02T02:07:05.7893197Z [command]/usr/bin/git config --local --unset-all http.https://github.com/.extraheader
probe	Post Checkout	2025-09-02T02:07:05.7929019Z [command]/usr/bin/git submodule foreach --recursive sh -c "git config --local --name-only --get-regexp 'http\.https\:\/\/github\.com\/\.extraheader' && git config --local --unset-all 'http.https://github.com/.extraheader' || :"
probe	Complete job	﻿2025-09-02T02:07:05.8278733Z Cleaning up orphan processes
